Ejercicio 1

Mario@DESKTOP-VTO6MKT MINGW64 ~/Documents/Factoria F5/Git & GitHub Ejercicios
$ git config --list
diff.astextplain.textconv=astextplain    
filter.lfs.clean=git-lfs clean -- %f     
filter.lfs.smudge=git-lfs smudge -- %f   
filter.lfs.process=git-lfs filter-process
filter.lfs.required=true
http.sslbackend=openssl
http.sslcainfo=C:/Program Files/Git/mingw64/etc/ssl/certs/ca-bundle.crt
core.autocrlf=true
set mark: ...skipping...
diff.astextplain.textconv=astextplain
filter.lfs.clean=git-lfs clean -- %f
filter.lfs.smudge=git-lfs smudge -- %f
filter.lfs.process=git-lfs filter-process
filter.lfs.required=true
http.sslbackend=openssl
http.sslcainfo=C:/Program Files/Git/mingw64/etc/ssl/certs/ca-bundle.crt
core.autocrlf=true
core.fscache=true
core.symlinks=true
pull.rebase=false
credential.helper=manager
credential.https://dev.azure.com.usehttppath=true
init.defaultbranch=master
user.name=cyber-aurora
user.email=marioolabe@gmail.com
core.editor="C:\Users\Mario\AppData\Local\Programs\Microsoft VS Code\bin\code" --wait
color.ui=auto

==========================================================================================

Ejercicio 2

Mario@DESKTOP-VTO6MKT MINGW64 ~/Documents/Factoria F5/Git & GitHub Ejercicios
$  mkdir libro

Mario@DESKTOP-VTO6MKT MINGW64 ~/Documents/Factoria F5/Git & GitHub Ejercicios
$ cd libro

Mario@DESKTOP-VTO6MKT MINGW64 ~/Documents/Factoria F5/Git & GitHub Ejercicios/libro
$ git init
Initialized empty Git repository in C:/Users/Mario/Documents/Factoria F5/Git & GitHub Ejercicios/libro/.git/

Mario@DESKTOP-VTO6MKT MINGW64 ~/Documents/Factoria F5/Git & GitHub Ejercicios/libro (master)
$ ls -la
total 4
drwxr-xr-x 1 Mario 197121 0 May 23 09:44 ./
drwxr-xr-x 1 Mario 197121 0 May 23 09:44 ../
drwxr-xr-x 1 Mario 197121 0 May 23 09:44 .git/

==========================================================================================

Ejercicio 3

Mario@DESKTOP-VTO6MKT MINGW64 ~/Documents/Factoria F5/Git & GitHub Ejercicios/libro (master)
$ git status
On branch master

No commits yet

nothing to commit (create/copy files and use "git add" to track)

Mario@DESKTOP-VTO6MKT MINGW64 ~/Documents/Factoria F5/Git & GitHub Ejercicios/libro (master)
$ git status
On branch master

No commits yet

Untracked files:
  (use "git add <file>..." to include in what will be committed)
        indice.txt

nothing added to commit but untracked files present (use "git add" to track)

Mario@DESKTOP-VTO6MKT MINGW64 ~/Documents/Factoria F5/Git & GitHub Ejercicios/libro (master)
$ git status
On branch master

No commits yet

Untracked files:
  (use "git add <file>..." to include in what will be committed)
        indice.txt

nothing added to commit but untracked files present (use "git add" to track)

Mario@DESKTOP-VTO6MKT MINGW64 ~/Documents/Factoria F5/Git & GitHub Ejercicios/libro (master)
$ git add indice.txt

Mario@DESKTOP-VTO6MKT MINGW64 ~/Documents/Factoria F5/Git & GitHub Ejercicios/libro (master)
$ git status
On branch master

No commits yet

Changes to be committed:
  (use "git rm --cached <file>..." to unstage)
        new file:   indice.txt


Mario@DESKTOP-VTO6MKT MINGW64 ~/Documents/Factoria F5/Git & GitHub Ejercicios/libro (master)
$